2026-08-05 20:59:33,189 - main - INFO - FoodCycle AI FastAPI started.
2026-08-05 20:59:33,737 - httpx - INFO - HTTP Request: GET http://127.0.0.1:8000/health "HTTP/1.1 200 OK"
2026-08-05 20:59:33,794 - passlib.handlers.bcrypt - WARNING - (trapped) error reading bcrypt version
Traceback (most recent call last):
  File "C:\Users\SAI SANTHOSH\OneDrive\Desktop\FoodCycleAI\backend\venv\Lib\site-packages\passlib\handlers\bcrypt.py", line 620, in _load_backend_mixin
    version = _bcrypt.__about__.__version__
              ^^^^^^^^^^^^^^^^^
AttributeError: module 'bcrypt' has no attribute '__about__'
2026-08-05 20:59:33,852 - main - ERROR - Unexpected Error: password cannot be longer than 72 bytes, truncate manually if necessary (e.g. my_password[:72])
2026-08-05 20:59:33,854 - httpx - INFO - HTTP Request: POST http://127.0.0.1:8000/auth/register "HTTP/1.1 500 Internal Server Error"
2026-08-05 21:01:25,013 - main - INFO - FoodCycle AI FastAPI started.
2026-08-05 21:01:25,571 - httpx - INFO - HTTP Request: GET http://127.0.0.1:8000/health "HTTP/1.1 200 OK"
2026-08-05 21:01:26,239 - httpx - INFO - HTTP Request: POST http://127.0.0.1:8000/auth/register "HTTP/1.1 201 Created"
2026-08-05 21:01:26,884 - httpx - INFO - HTTP Request: POST http://127.0.0.1:8000/auth/login "HTTP/1.1 200 OK"
2026-08-05 21:01:26,919 - httpx - INFO - HTTP Request: POST http://127.0.0.1:8000/food-logs "HTTP/1.1 201 Created"
2026-08-05 21:01:26,937 - httpx - INFO - HTTP Request: GET http://127.0.0.1:8000/food-logs "HTTP/1.1 200 OK"
2026-08-05 21:01:26,971 - httpx - INFO - HTTP Request: PUT http://127.0.0.1:8000/food-logs/b60d22dc-3311-4e35-94c0-19c8e2d7891b "HTTP/1.1 200 OK"
2026-08-05 21:01:26,986 - httpx - INFO - HTTP Request: POST http://127.0.0.1:8000/prediction "HTTP/1.1 200 OK"
2026-08-05 21:01:27,001 - httpx - INFO - HTTP Request: POST http://127.0.0.1:8000/recovery "HTTP/1.1 200 OK"
2026-08-05 21:01:27,020 - httpx - INFO - HTTP Request: GET http://127.0.0.1:8000/dashboard "HTTP/1.1 200 OK"
2026-08-05 21:01:27,077 - httpx - INFO - HTTP Request: DELETE http://127.0.0.1:8000/food-logs/b60d22dc-3311-4e35-94c0-19c8e2d7891b "HTTP/1.1 204 No Content"
2026-08-05 21:11:05,482 - main - INFO - FoodCycle AI FastAPI started.
2026-08-05 21:11:05,691 - httpx - INFO - HTTP Request: GET http://127.0.0.1:8000/health "HTTP/1.1 200 OK"
2026-08-05 21:11:06,418 - httpx - INFO - HTTP Request: POST http://127.0.0.1:8000/auth/register "HTTP/1.1 201 Created"
2026-08-05 21:11:07,219 - httpx - INFO - HTTP Request: POST http://127.0.0.1:8000/auth/login "HTTP/1.1 200 OK"
2026-08-05 21:11:07,265 - httpx - INFO - HTTP Request: POST http://127.0.0.1:8000/food-logs "HTTP/1.1 201 Created"
2026-08-05 21:11:07,282 - httpx - INFO - HTTP Request: GET http://127.0.0.1:8000/food-logs "HTTP/1.1 200 OK"
2026-08-05 21:11:07,315 - httpx - INFO - HTTP Request: PUT http://127.0.0.1:8000/food-logs/1434a27e-db38-47db-86e1-3d62e8365883 "HTTP/1.1 200 OK"
2026-08-05 21:11:07,327 - httpx - INFO - HTTP Request: POST http://127.0.0.1:8000/prediction "HTTP/1.1 200 OK"
2026-08-05 21:11:07,338 - httpx - INFO - HTTP Request: POST http://127.0.0.1:8000/recovery "HTTP/1.1 200 OK"
2026-08-05 21:11:07,355 - httpx - INFO - HTTP Request: GET http://127.0.0.1:8000/dashboard "HTTP/1.1 200 OK"
2026-08-05 21:11:07,432 - httpx - INFO - HTTP Request: DELETE http://127.0.0.1:8000/food-logs/1434a27e-db38-47db-86e1-3d62e8365883 "HTTP/1.1 204 No Content"
2026-08-05 21:15:38,208 - main - INFO - FoodCycle AI FastAPI started.
2026-08-05 21:20:37,063 - main - INFO - FoodCycle AI FastAPI started.
2026-08-05 22:32:51,249 - main - INFO - FoodCycle AI FastAPI started.
2026-08-05 22:34:56,480 - main - INFO - FoodCycle AI FastAPI started.
2026-08-05 22:35:42,558 - main - INFO - FoodCycle AI FastAPI started.
2026-08-05 22:36:15,735 - httpx - INFO - HTTP Request: GET http://127.0.0.1:8000/health "HTTP/1.1 200 OK"
2026-08-05 22:36:16,524 - httpx - INFO - HTTP Request: POST http://127.0.0.1:8000/auth/register "HTTP/1.1 201 Created"
2026-08-05 22:36:17,317 - httpx - INFO - HTTP Request: POST http://127.0.0.1:8000/auth/login "HTTP/1.1 200 OK"
2026-08-05 22:36:17,384 - httpx - INFO - HTTP Request: POST http://127.0.0.1:8000/food-logs "HTTP/1.1 201 Created"
2026-08-05 22:36:17,623 - httpx - INFO - HTTP Request: POST http://127.0.0.1:8000/prediction "HTTP/1.1 200 OK"
2026-08-05 22:36:17,835 - httpx - INFO - HTTP Request: POST http://127.0.0.1:8000/recovery "HTTP/1.1 200 OK"
2026-08-05 22:36:17,885 - httpx - INFO - HTTP Request: DELETE http://127.0.0.1:8000/food-logs/2549ea39-f819-436b-a7ee-e2a35d590b07 "HTTP/1.1 204 No Content"
2026-08-05 22:51:03,820 - main - INFO - FoodCycle AI FastAPI started.
2026-08-05 22:53:25,144 - main - INFO - FoodCycle AI FastAPI started.
2026-08-05 22:53:55,600 - main - ERROR - HTTP Error 404: Not Found
2026-08-05 22:53:55,677 - httpx - INFO - HTTP Request: POST http://127.0.0.1:8000/vision/upload-image "HTTP/1.1 404 Not Found"
2026-08-05 22:56:36,647 - main - ERROR - HTTP Error 404: Not Found
2026-08-05 22:59:12,283 - main - INFO - FoodCycle AI FastAPI started.
2026-08-05 23:01:06,250 - main - ERROR - HTTP Error 404: Not Found
2026-08-05 23:01:06,253 - httpx - INFO - HTTP Request: POST http://127.0.0.1:8000/vision/upload-image "HTTP/1.1 404 Not Found"
2026-08-05 23:01:58,081 - httpx - INFO - HTTP Request: POST http://testserver/vision/upload-image "HTTP/1.1 200 OK"
2026-08-05 23:02:46,572 - httpx - INFO - HTTP Request: POST http://testserver/vision/upload-image "HTTP/1.1 200 OK"
2026-08-05 23:02:55,281 - httpx - INFO - HTTP Request: POST http://testserver/vision/detect-food?image_id=7cfa2a64-4dbb-468c-b990-55dfb0246837 "HTTP/1.1 200 OK"
2026-08-05 23:02:56,712 - services.recovery_service - ERROR - Recommendation failed: 'food_category'
2026-08-05 23:02:56,724 - httpx - INFO - HTTP Request: POST http://testserver/vision/analyze-image "HTTP/1.1 200 OK"
2026-08-05 23:17:06,159 - main - INFO - FoodCycle AI FastAPI started.
2026-08-05 23:25:32,574 - main - ERROR - HTTP Error 404: Not Found
2026-08-05 23:29:07,372 - main - ERROR - Validation Error: [{'type': 'missing', 'loc': ('body', 'full_name'), 'msg': 'Field required', 'input': {'email': 'admin@foodcycle.ai', 'password': 'admin123', 'role': 'user'}}, {'type': 'enum', 'loc': ('body', 'role'), 'msg': "Input should be 'Admin', 'Manager' or 'Viewer'", 'input': 'user', 'ctx': {'expected': "'Admin', 'Manager' or 'Viewer'"}}]
2026-08-05 23:29:13,761 - main - ERROR - Validation Error: [{'type': 'missing', 'loc': ('body', 'full_name'), 'msg': 'Field required', 'input': {'email': 'admin@foodcycle.ai', 'password': 'admin123', 'role': 'Admin'}}]
2026-08-05 23:29:37,477 - main - ERROR - Validation Error: [{'type': 'missing', 'loc': ('body', 'full_name'), 'msg': 'Field required', 'input': {'email': 'admin@foodcycle.ai', 'password': 'admin123', 'role': 'user'}}, {'type': 'enum', 'loc': ('body', 'role'), 'msg': "Input should be 'Admin', 'Manager' or 'Viewer'", 'input': 'user', 'ctx': {'expected': "'Admin', 'Manager' or 'Viewer'"}}]
2026-08-05 23:30:02,744 - main - ERROR - Validation Error: [{'type': 'missing', 'loc': ('body', 'full_name'), 'msg': 'Field required', 'input': {'email': 'saisanthoshreddybontha632@gmail.com', 'password': 'Santhosh732@', 'role': 'user'}}, {'type': 'enum', 'loc': ('body', 'role'), 'msg': "Input should be 'Admin', 'Manager' or 'Viewer'", 'input': 'user', 'ctx': {'expected': "'Admin', 'Manager' or 'Viewer'"}}]
2026-08-05 23:30:11,035 - main - ERROR - Validation Error: [{'type': 'missing', 'loc': ('body', 'full_name'), 'msg': 'Field required', 'input': {'email': 'saisanthoshreddybontha632@gmail.com', 'password': 'Santhosh732@', 'role': 'Admin'}}]
2026-08-05 23:30:18,492 - main - ERROR - Validation Error: [{'type': 'missing', 'loc': ('body', 'full_name'), 'msg': 'Field required', 'input': {'email': 'saisanthoshreddybontha632@gmail.com', 'password': 'Saireddy732@', 'role': 'Admin'}}]
2026-08-06 11:14:27,172 - main - ERROR - HTTP Error 401: Incorrect email or password
2026-08-06 11:21:43,796 - main - ERROR - Validation Error: [{'type': 'missing', 'loc': ('body', 'full_name'), 'msg': 'Field required', 'input': {'email': 'john.doe@example.com', 'password': 'SecureP@ssw0rd', 'role': 'user'}}, {'type': 'enum', 'loc': ('body', 'role'), 'msg': "Input should be 'Admin', 'Manager' or 'Viewer'", 'input': 'user', 'ctx': {'expected': "'Admin', 'Manager' or 'Viewer'"}}]
2026-08-06 11:21:50,636 - main - ERROR - Validation Error: [{'type': 'missing', 'loc': ('body', 'full_name'), 'msg': 'Field required', 'input': {'email': 'john.doe@example.com', 'password': 'SecureP@ssw0rd', 'role': 'Admin'}}]
2026-08-06 11:29:44,563 - main - ERROR - Validation Error: [{'type': 'missing', 'loc': ('body', 'full_name'), 'msg': 'Field required', 'input': {'email': 'sai@test.com', 'password': 'Password123!', 'role': 'user'}}, {'type': 'enum', 'loc': ('body', 'role'), 'msg': "Input should be 'Admin', 'Manager' or 'Viewer'", 'input': 'user', 'ctx': {'expected': "'Admin', 'Manager' or 'Viewer'"}}]
2026-08-06 11:29:51,501 - main - ERROR - Validation Error: [{'type': 'missing', 'loc': ('body', 'full_name'), 'msg': 'Field required', 'input': {'email': 'sai@test.com', 'password': 'Password123!', 'role': 'Admin'}}]
2026-08-06 11:35:27,810 - main - ERROR - Validation Error: [{'type': 'enum', 'loc': ('body', 'role'), 'msg': "Input should be 'Admin', 'Manager' or 'Viewer'", 'input': 'user', 'ctx': {'expected': "'Admin', 'Manager' or 'Viewer'"}}]
2026-08-06 11:57:46,610 - main - ERROR - HTTP Error 404: Not Found
2026-08-06 11:57:53,334 - main - ERROR - HTTP Error 404: Not Found
2026-08-06 12:00:46,213 - main - ERROR - HTTP Error 404: Not Found
2026-08-06 12:06:48,588 - main - ERROR - HTTP Error 404: Not Found
2026-08-06 12:07:09,757 - main - ERROR - HTTP Error 404: Not Found
2026-08-06 12:10:04,682 - main - ERROR - HTTP Error 404: Not Found
2026-08-06 12:14:21,946 - main - ERROR - HTTP Error 404: Not Found
2026-08-06 12:14:43,798 - main - INFO - FoodCycle AI FastAPI started.
2026-08-06 12:18:13,707 - main - INFO - FoodCycle AI FastAPI started.
2026-08-06 12:18:25,634 - main - ERROR - HTTP Error 404: Not Found
2026-08-06 12:19:42,988 - main - INFO - FoodCycle AI FastAPI started.
2026-08-06 12:20:26,293 - services.recovery_service - ERROR - Recommendation failed: 'food_category'
2026-08-06 12:22:27,353 - services.recovery_service - ERROR - Recommendation failed: 'food_category'
2026-08-06 12:22:49,798 - main - ERROR - HTTP Error 404: Not Found
2026-08-06 12:22:53,549 - main - ERROR - HTTP Error 404: Not Found
2026-08-06 12:22:54,749 - main - ERROR - HTTP Error 404: Not Found
2026-08-06 12:22:55,053 - main - ERROR - HTTP Error 404: Not Found
2026-08-06 12:22:55,746 - main - ERROR - HTTP Error 404: Not Found
2026-08-06 12:27:18,165 - services.recovery_service - ERROR - Recommendation failed: 'food_category'
2026-08-06 12:29:07,650 - main - INFO - FoodCycle AI FastAPI started.
2026-08-06 17:36:57,741 - main - INFO - FoodCycle AI FastAPI started.
2026-08-06 17:41:25,067 - main - ERROR - HTTP Error 401: Incorrect email or password
2026-08-06 17:46:44,227 - main - ERROR - HTTP Error 400: Email already registered
2026-08-06 17:46:44,267 - main - ERROR - Validation Error: [{'type': 'missing', 'loc': ('body', 'full_name'), 'msg': 'Field required', 'input': {'email': 'admin@foodcycle.ai', 'password': 'wrongpassword'}}]
2026-08-06 17:46:44,277 - main - ERROR - Validation Error: [{'type': 'missing', 'loc': ('body', 'full_name'), 'msg': 'Field required', 'input': {'email': 'admin@foodcycle.ai', 'password': 'admin123'}}]
2026-08-06 17:46:59,026 - main - ERROR - Validation Error: [{'type': 'missing', 'loc': ('body', 'full_name'), 'msg': 'Field required', 'input': {'email': 'admin@foodcycle.ai', 'password': 'admin123'}}]
2026-08-06 17:47:55,096 - main - INFO - FoodCycle AI FastAPI started.
2026-08-06 18:11:28,982 - main - ERROR - Database Error: (pymysql.err.DataError) (1265, "Data truncated for column 'role' at row 1")
[SQL: INSERT INTO users (full_name, email, password_hash, `role`, id, created_at, updated_at) VALUES (%(full_name)s, %(email)s, %(password_hash)s, %(role)s, %(id)s, %(created_at)s, %(updated_at)s)]
[parameters: {'full_name': 'Admin User', 'email': 'admin@example.com', 'password_hash': '$2b$12$1MmSYHDLd/Mk3wqrDp86QeRfcFtxcZumQ7qkfdwXB5RFAHZmM44H.', 'role': 'viewer', 'id': 'e9fc35cb-9ffb-4d72-b662-21b384d63fe8', 'created_at': datetime.datetime(2026, 8, 6, 12, 41, 28, 930205, tzinfo=datetime.timezone.utc), 'updated_at': datetime.datetime(2026, 8, 6, 12, 41, 28, 930215, tzinfo=datetime.timezone.utc)}]
(Background on this error at: https://sqlalche.me/e/20/9h9h)
2026-08-06 18:11:29,878 - main - ERROR - Database Error: (pymysql.err.DataError) (1265, "Data truncated for column 'role' at row 1")
[SQL: INSERT INTO users (full_name, email, password_hash, `role`, id, created_at, updated_at) VALUES (%(full_name)s, %(email)s, %(password_hash)s, %(role)s, %(id)s, %(created_at)s, %(updated_at)s)]
[parameters: {'full_name': 'Mess Manager', 'email': 'manager@example.com', 'password_hash': '$2b$12$NCHHsDO3fLcAjnb.IXJZTe7a8XbL8ImL.yKbzWyTDYUlNq9YZrrSC', 'role': 'viewer', 'id': 'a9495d67-c0cc-4f10-b6ce-7c368e2967d0', 'created_at': datetime.datetime(2026, 8, 6, 12, 41, 29, 869327, tzinfo=datetime.timezone.utc), 'updated_at': datetime.datetime(2026, 8, 6, 12, 41, 29, 869335, tzinfo=datetime.timezone.utc)}]
(Background on this error at: https://sqlalche.me/e/20/9h9h)
2026-08-06 18:11:29,909 - main - ERROR - HTTP Error 401: Incorrect email or password
2026-08-06 18:11:29,927 - main - ERROR - HTTP Error 401: Incorrect email or password
2026-08-06 18:11:29,950 - main - ERROR - HTTP Error 404: Not Found
2026-08-06 18:11:29,957 - main - ERROR - HTTP Error 404: Not Found
2026-08-06 18:11:38,462 - main - ERROR - Database Error: (pymysql.err.DataError) (1265, "Data truncated for column 'role' at row 1")
[SQL: INSERT INTO users (full_name, email, password_hash, `role`, id, created_at, updated_at) VALUES (%(full_name)s, %(email)s, %(password_hash)s, %(role)s, %(id)s, %(created_at)s, %(updated_at)s)]
[parameters: {'full_name': 'Admin User', 'email': 'admin@example.com', 'password_hash': '$2b$12$lSQ/td1l1deR11tFMGElKOF3xiRtcl/aeaDIN9pwM7wODqcLNuX9W', 'role': 'viewer', 'id': '38b25b50-1da8-46a9-af9b-91f42310eac2', 'created_at': datetime.datetime(2026, 8, 6, 12, 41, 38, 455349, tzinfo=datetime.timezone.utc), 'updated_at': datetime.datetime(2026, 8, 6, 12, 41, 38, 455356, tzinfo=datetime.timezone.utc)}]
(Background on this error at: https://sqlalche.me/e/20/9h9h)
2026-08-06 18:11:38,895 - main - ERROR - Database Error: (pymysql.err.DataError) (1265, "Data truncated for column 'role' at row 1")
[SQL: INSERT INTO users (full_name, email, password_hash, `role`, id, created_at, updated_at) VALUES (%(full_name)s, %(email)s, %(password_hash)s, %(role)s, %(id)s, %(created_at)s, %(updated_at)s)]
[parameters: {'full_name': 'Mess Manager', 'email': 'manager@example.com', 'password_hash': '$2b$12$Fj4yfFgT8wRT0naUV829cOk/y3tWMcDRcfFakBuvO1JW1f7hrBQDy', 'role': 'viewer', 'id': 'cb0eb995-6847-4d7a-9fa2-0baa6bc14e10', 'created_at': datetime.datetime(2026, 8, 6, 12, 41, 38, 888341, tzinfo=datetime.timezone.utc), 'updated_at': datetime.datetime(2026, 8, 6, 12, 41, 38, 888349, tzinfo=datetime.timezone.utc)}]
(Background on this error at: https://sqlalche.me/e/20/9h9h)
2026-08-06 18:11:38,931 - main - ERROR - HTTP Error 401: Incorrect email or password
2026-08-06 18:11:38,947 - main - ERROR - HTTP Error 401: Incorrect email or password
2026-08-06 18:11:38,954 - main - ERROR - HTTP Error 404: Not Found
2026-08-06 18:11:38,965 - main - ERROR - HTTP Error 404: Not Found
2026-08-06 18:15:24,923 - main - INFO - FoodCycle AI FastAPI started.
2026-08-06 18:16:43,921 - main - ERROR - HTTP Error 403: Not enough privileges
2026-08-06 18:16:43,942 - main - ERROR - HTTP Error 403: Not enough privileges
2026-08-06 18:16:43,977 - main - ERROR - HTTP Error 400: Cannot demote the last remaining Administrator.
2026-08-06 18:34:03,309 - main - ERROR - HTTP Error 401: Incorrect email or password
2026-08-06 18:34:11,480 - main - ERROR - HTTP Error 401: Incorrect email or password
2026-08-06 18:34:16,397 - main - ERROR - HTTP Error 401: Incorrect email or password
2026-08-06 18:34:29,102 - main - ERROR - HTTP Error 401: Incorrect email or password
2026-08-06 18:34:44,187 - main - ERROR - HTTP Error 401: Incorrect email or password
2026-08-06 22:56:18,470 - main - ERROR - HTTP Error 401: Incorrect email or password
2026-08-06 22:56:26,585 - main - ERROR - HTTP Error 401: Incorrect email or password
2026-08-06 22:59:43,295 - main - ERROR - HTTP Error 401: Incorrect email or password
2026-08-06 23:00:32,547 - main - ERROR - HTTP Error 401: Incorrect email or password
2026-08-06 23:00:38,073 - main - ERROR - HTTP Error 401: Incorrect email or password
2026-08-06 23:07:07,748 - main - ERROR - HTTP Error 401: Incorrect email or password
2026-08-07 23:16:56,386 - main - INFO - FoodCycle AI FastAPI started.
2026-08-07 23:16:57,973 - main - INFO - Creating default administrator: admin@foodcycleai.com
2026-08-07 23:17:04,390 - main - ERROR - HTTP Error 404: Not Found
2026-08-07 23:17:22,050 - main - INFO - FoodCycle AI FastAPI started.
2026-08-07 23:18:04,942 - main - INFO - FoodCycle AI FastAPI started.
2026-08-07 23:18:55,527 - main - INFO - FoodCycle AI FastAPI started.
2026-08-07 23:19:17,219 - main - ERROR - HTTP Error 403: Account is inactive. Please contact your administrator.
2026-08-07 23:25:27,354 - main - ERROR - HTTP Error 401: Incorrect email or password
2026-08-07 23:51:01,541 - main - ERROR - HTTP Error 401: Incorrect email or password
2026-08-08 00:08:11,235 - main - ERROR - HTTP Error 401: Incorrect email or password
2026-08-08 08:25:32,759 - main - ERROR - HTTP Error 401: Could not validate credentials
2026-08-08 08:25:32,819 - main - ERROR - HTTP Error 401: Could not validate credentials
2026-08-08 08:25:46,376 - main - ERROR - HTTP Error 401: Incorrect email or password
2026-08-08 09:39:52,425 - main - ERROR - HTTP Error 404: Not Found
2026-08-08 09:39:54,352 - main - ERROR - HTTP Error 405: Method Not Allowed
2026-08-08 09:39:55,864 - main - ERROR - HTTP Error 405: Method Not Allowed
2026-08-08 09:40:06,801 - main - ERROR - HTTP Error 404: Not Found
2026-08-08 09:40:06,837 - main - ERROR - HTTP Error 404: Not Found
2026-08-08 09:40:06,853 - main - ERROR - HTTP Error 404: Not Found
2026-08-08 09:40:06,884 - main - ERROR - HTTP Error 404: Not Found
2026-08-08 09:40:30,750 - main - ERROR - HTTP Error 404: Not Found
2026-08-08 09:41:00,137 - main - ERROR - HTTP Error 404: Not Found
2026-08-08 09:41:00,146 - main - ERROR - HTTP Error 404: Not Found
2026-08-08 09:41:09,138 - main - ERROR - HTTP Error 404: Not Found
2026-08-08 09:41:09,145 - main - ERROR - HTTP Error 404: Not Found
2026-08-08 09:41:09,150 - main - ERROR - HTTP Error 404: Not Found
2026-08-08 09:41:09,164 - main - ERROR - HTTP Error 404: Not Found
2026-08-08 09:41:23,630 - main - ERROR - HTTP Error 405: Method Not Allowed
2026-08-08 15:45:10,274 - main - ERROR - HTTP Error 405: Method Not Allowed
2026-08-08 15:45:14,869 - main - ERROR - HTTP Error 404: Not Found
2026-08-08 15:45:15,932 - main - ERROR - HTTP Error 404: Not Found
2026-08-08 15:45:16,177 - main - ERROR - HTTP Error 404: Not Found
2026-08-08 15:45:16,333 - main - ERROR - HTTP Error 404: Not Found
2026-08-08 15:45:16,456 - main - ERROR - HTTP Error 404: Not Found
2026-08-08 15:45:21,308 - main - ERROR - HTTP Error 404: Not Found
2026-08-08 15:45:21,326 - main - ERROR - HTTP Error 404: Not Found
2026-08-08 15:45:24,226 - main - ERROR - HTTP Error 404: Not Found
2026-08-08 15:45:24,232 - main - ERROR - HTTP Error 404: Not Found
2026-08-08 15:45:24,252 - main - ERROR - HTTP Error 404: Not Found
2026-08-08 15:45:24,273 - main - ERROR - HTTP Error 404: Not Found
2026-08-08 15:45:28,611 - main - ERROR - HTTP Error 404: Not Found
2026-08-08 15:45:28,635 - main - ERROR - HTTP Error 404: Not Found
2026-08-08 15:45:28,669 - main - ERROR - HTTP Error 404: Not Found
2026-08-08 15:45:28,720 - main - ERROR - HTTP Error 404: Not Found
2026-08-08 15:45:34,686 - main - ERROR - HTTP Error 401: Could not validate credentials
2026-08-08 15:45:34,750 - main - ERROR - HTTP Error 401: Could not validate credentials
2026-08-08 15:45:37,634 - main - ERROR - HTTP Error 401: Incorrect email or password
2026-08-08 15:45:40,884 - main - ERROR - HTTP Error 401: Incorrect email or password
2026-08-08 15:45:41,990 - main - ERROR - HTTP Error 401: Incorrect email or password
2026-08-08 15:45:42,498 - main - ERROR - HTTP Error 401: Incorrect email or password
2026-08-08 15:45:42,543 - main - ERROR - HTTP Error 401: Incorrect email or password
2026-08-08 15:45:42,704 - main - ERROR - HTTP Error 401: Incorrect email or password
2026-08-08 15:45:42,861 - main - ERROR - HTTP Error 401: Incorrect email or password
2026-08-08 15:45:43,034 - main - ERROR - HTTP Error 401: Incorrect email or password
2026-08-08 15:45:43,206 - main - ERROR - HTTP Error 401: Incorrect email or password
2026-08-08 15:45:43,470 - main - ERROR - HTTP Error 401: Incorrect email or password
2026-08-08 15:45:43,613 - main - ERROR - HTTP Error 401: Incorrect email or password
2026-08-08 15:45:43,747 - main - ERROR - HTTP Error 401: Incorrect email or password
2026-08-08 15:45:43,902 - main - ERROR - HTTP Error 401: Incorrect email or password
2026-08-08 15:45:44,169 - main - ERROR - HTTP Error 401: Incorrect email or password
2026-08-08 15:45:44,356 - main - ERROR - HTTP Error 401: Incorrect email or password
2026-08-08 15:45:44,666 - main - ERROR - HTTP Error 401: Incorrect email or password
2026-08-08 15:45:49,736 - main - ERROR - HTTP Error 401: Incorrect email or password
2026-08-13 15:40:56,852 - main - INFO - FoodCycle AI FastAPI started.
2026-08-13 15:41:08,866 - main - INFO - FoodCycle AI FastAPI started.
2026-08-13 15:42:25,840 - main - ERROR - Validation Error: [{'type': 'enum', 'loc': ('body', 'role'), 'msg': "Input should be 'Administrator' or 'Mess Manager'", 'input': 'User', 'ctx': {'expected': "'Administrator' or 'Mess Manager'"}}]
2026-08-13 15:48:18,393 - main - ERROR - HTTP Error 405: Method Not Allowed
2026-08-13 15:48:22,208 - main - ERROR - HTTP Error 404: Not Found
2026-08-13 15:48:25,372 - main - ERROR - HTTP Error 405: Method Not Allowed
2026-08-13 15:52:49,796 - main - ERROR - HTTP Error 404: Not Found
2026-08-13 15:58:34,649 - main - ERROR - HTTP Error 404: Not Found
2026-08-13 15:58:35,793 - main - ERROR - HTTP Error 404: Not Found
2026-08-13 15:58:36,551 - main - ERROR - HTTP Error 404: Not Found
2026-08-13 15:58:36,714 - main - ERROR - HTTP Error 404: Not Found
2026-08-13 15:58:36,871 - main - ERROR - HTTP Error 404: Not Found
2026-08-13 15:58:37,021 - main - ERROR - HTTP Error 404: Not Found
2026-08-24 07:23:25,887 - main - INFO - FoodCycle AI FastAPI started.
2026-08-24 07:24:01,461 - main - ERROR - HTTP Error 405: Method Not Allowed
2026-09-14 21:20:41,103 - main - INFO - FoodCycle AI FastAPI started.
2026-09-15 09:37:11,561 - main - INFO - FoodCycle AI FastAPI started.
2026-09-15 09:53:12,354 - main - ERROR - HTTP Error 404: Not Found
2026-09-15 09:58:55,884 - main - ERROR - HTTP Error 405: Method Not Allowed
2026-09-15 09:58:57,926 - main - ERROR - HTTP Error 405: Method Not Allowed
2026-09-15 09:59:03,723 - main - ERROR - HTTP Error 404: Not Found
2026-09-15 10:27:17,719 - main - INFO - FoodCycle AI FastAPI started.
2026-09-15 14:31:45,741 - main - ERROR - HTTP Error 405: Method Not Allowed
2026-09-15 14:33:13,895 - main - ERROR - HTTP Error 404: Not Found
2026-09-15 14:33:26,611 - main - ERROR - HTTP Error 404: Not Found
2026-09-15 19:57:31,870 - main - ERROR - HTTP Error 404: Not Found
2026-09-15 19:58:13,046 - main - INFO - FoodCycle AI FastAPI started.
2026-09-15 20:14:46,086 - main - ERROR - HTTP Error 404: Not Found
2026-09-15 20:14:47,733 - main - ERROR - HTTP Error 404: Not Found
2026-09-16 17:19:15,697 - main - INFO - FoodCycle AI FastAPI started.
2026-09-16 17:30:14,501 - main - ERROR - HTTP Error 401: Not authenticated
2026-09-16 18:10:42,598 - main - INFO - FoodCycle AI FastAPI started.
2026-09-16 18:11:39,059 - main - ERROR - HTTP Error 401: Not authenticated
2026-09-16 18:13:44,183 - main - ERROR - Validation Error: [{'type': 'model_attributes_type', 'loc': ('body',), 'msg': 'Input should be a valid dictionary or object to extract fields from', 'input': b'username=admin%40foodcycle.ai&password=securepassword123'}]
2026-09-16 18:13:44,185 - main - ERROR - Unexpected Error: Object of type bytes is not JSON serializable
2026-09-16 18:24:10,159 - main - ERROR - Validation Error: [{'type': 'model_attributes_type', 'loc': ('body',), 'msg': 'Input should be a valid dictionary or object to extract fields from', 'input': b'username=admin%40foodcycle.ai&password=securepassword123'}]
2026-09-16 18:24:10,167 - main - ERROR - Unexpected Error: Object of type bytes is not JSON serializable
2026-09-16 19:05:44,807 - main - ERROR - HTTP Error 401: Incorrect email or password
2026-09-16 19:05:53,402 - main - ERROR - HTTP Error 404: Not Found
2026-09-16 19:05:59,482 - main - ERROR - HTTP Error 405: Method Not Allowed
2026-09-16 19:06:05,096 - main - ERROR - HTTP Error 404: Not Found
2026-09-16 19:06:10,656 - main - ERROR - HTTP Error 405: Method Not Allowed
2026-09-16 19:06:37,021 - main - ERROR - HTTP Error 401: Not authenticated
2026-09-16 19:09:06,623 - main - ERROR - HTTP Error 404: Not Found
2026-09-16 19:09:12,812 - main - ERROR - HTTP Error 405: Method Not Allowed
2026-09-16 19:09:18,366 - main - ERROR - HTTP Error 404: Not Found
2026-09-16 19:09:23,928 - main - ERROR - HTTP Error 405: Method Not Allowed
2026-09-16 19:09:55,872 - main - ERROR - HTTP Error 401: Not authenticated
2026-09-16 19:12:06,539 - main - ERROR - HTTP Error 404: Not Found
2026-09-16 19:12:13,430 - main - ERROR - HTTP Error 405: Method Not Allowed
2026-09-16 19:12:19,052 - main - ERROR - HTTP Error 404: Not Found
2026-09-16 19:12:24,627 - main - ERROR - HTTP Error 405: Method Not Allowed
2026-09-16 19:12:39,693 - main - ERROR - HTTP Error 401: Not authenticated
2026-09-16 19:12:59,312 - main - ERROR - HTTP Error 401: Not authenticated
2026-09-16 19:41:03,069 - main - ERROR - HTTP Error 401: Incorrect email or password
2026-09-16 19:41:29,679 - main - ERROR - HTTP Error 401: Incorrect email or password
2026-09-16 19:44:35,971 - main - ERROR - HTTP Error 401: Incorrect email or password
2026-09-16 19:45:06,917 - main - ERROR - HTTP Error 401: Incorrect email or password
2026-09-16 19:49:04,238 - main - ERROR - HTTP Error 401: Incorrect email or password
2026-09-16 19:49:15,731 - main - ERROR - HTTP Error 404: Not Found
2026-09-16 19:49:21,466 - main - ERROR - HTTP Error 405: Method Not Allowed
2026-09-16 19:49:26,521 - main - ERROR - HTTP Error 404: Not Found
2026-09-16 19:49:31,576 - main - ERROR - HTTP Error 405: Method Not Allowed
2026-09-16 19:49:45,438 - main - ERROR - HTTP Error 401: Not authenticated
2026-09-16 19:50:04,515 - main - ERROR - HTTP Error 401: Not authenticated
2026-09-16 19:50:43,783 - main - ERROR - HTTP Error 404: Not Found
2026-09-16 19:50:49,579 - main - ERROR - HTTP Error 405: Method Not Allowed
2026-09-16 19:50:54,619 - main - ERROR - HTTP Error 404: Not Found
2026-09-16 19:50:59,668 - main - ERROR - HTTP Error 405: Method Not Allowed
2026-09-16 19:51:13,053 - main - ERROR - HTTP Error 401: Not authenticated
2026-09-16 19:51:27,974 - main - ERROR - HTTP Error 401: Not authenticated
2026-09-16 20:03:10,313 - main - ERROR - HTTP Error 404: Not Found
2026-09-16 20:03:26,823 - main - ERROR - HTTP Error 404: Not Found
2026-09-16 20:03:28,202 - main - ERROR - HTTP Error 404: Not Found
2026-09-16 20:13:05,159 - main - ERROR - HTTP Error 404: Not Found
2026-09-16 20:13:11,900 - main - ERROR - HTTP Error 405: Method Not Allowed
2026-09-16 20:13:16,952 - main - ERROR - HTTP Error 404: Not Found
2026-09-16 20:13:21,998 - main - ERROR - HTTP Error 405: Method Not Allowed
2026-09-16 20:13:36,080 - main - ERROR - HTTP Error 401: Not authenticated
2026-09-16 20:13:51,339 - main - ERROR - HTTP Error 401: Not authenticated
2026-09-16 20:16:35,064 - main - ERROR - HTTP Error 404: Not Found
2026-09-16 20:16:36,554 - main - ERROR - HTTP Error 404: Not Found
2026-09-16 20:18:26,512 - main - ERROR - HTTP Error 405: Method Not Allowed
2026-09-16 20:18:27,459 - main - ERROR - HTTP Error 405: Method Not Allowed
2026-09-16 20:18:29,554 - main - ERROR - HTTP Error 404: Not Found
2026-09-16 20:18:30,382 - main - ERROR - HTTP Error 404: Not Found
2026-09-16 20:18:30,534 - main - ERROR - HTTP Error 404: Not Found
2026-09-16 20:18:30,673 - main - ERROR - HTTP Error 404: Not Found
2026-09-16 20:18:30,812 - main - ERROR - HTTP Error 404: Not Found
2026-09-16 20:18:33,528 - main - ERROR - HTTP Error 404: Not Found
2026-09-16 20:18:34,290 - main - ERROR - HTTP Error 404: Not Found
2026-09-16 20:18:34,445 - main - ERROR - HTTP Error 404: Not Found
2026-09-16 20:18:34,549 - main - ERROR - HTTP Error 404: Not Found
2026-09-16 20:18:34,707 - main - ERROR - HTTP Error 404: Not Found
2026-09-16 20:21:41,040 - main - ERROR - HTTP Error 404: Not Found
2026-09-16 20:21:47,233 - main - ERROR - HTTP Error 405: Method Not Allowed
2026-09-16 20:21:52,290 - main - ERROR - HTTP Error 404: Not Found
2026-09-16 20:21:57,390 - main - ERROR - HTTP Error 405: Method Not Allowed
2026-09-16 20:22:11,182 - main - ERROR - HTTP Error 401: Not authenticated
2026-09-16 20:22:26,335 - main - ERROR - HTTP Error 401: Not authenticated
2026-09-16 20:23:16,725 - main - ERROR - HTTP Error 405: Method Not Allowed
2026-09-16 20:24:52,809 - main - ERROR - HTTP Error 405: Method Not Allowed
2026-09-25 20:02:11,817 - main - INFO - FoodCycle AI FastAPI started.
2026-09-25 20:27:22,789 - main - INFO - FoodCycle AI FastAPI started.
2026-09-25 20:27:58,094 - main - ERROR - Unexpected Error: type object 'ImageMetadata' has no attribute 'log_id'
2026-09-25 20:28:21,183 - main - ERROR - Unexpected Error: type object 'ImageMetadata' has no attribute 'log_id'
2026-09-25 20:30:04,407 - main - INFO - FoodCycle AI FastAPI started.
2026-09-25 20:30:52,808 - main - ERROR - HTTP Error 400: Invalid file type. Only JPEG and PNG are allowed.
2026-09-25 20:31:17,865 - main - ERROR - Unexpected Error: Invalid image or could not read the file.
2026-09-25 20:35:18,289 - main - INFO - FoodCycle AI FastAPI started.
2026-09-25 20:36:18,025 - main - ERROR - Unexpected Error: Invalid image or could not read the file.
2026-09-25 20:36:18,255 - main - ERROR - Unexpected Error: 'confidence_score' is an invalid keyword argument for RecoveryRecommendation
2026-09-25 20:38:12,490 - main - INFO - FoodCycle AI FastAPI started.
2026-09-25 20:38:13,744 - main - ERROR - Unexpected Error: Invalid image or could not read the file.
2026-09-25 20:41:10,707 - main - INFO - FoodCycle AI FastAPI started.
2026-09-25 20:41:12,739 - main - ERROR - HTTP Error 401: Incorrect email or password
2026-09-25 20:41:12,818 - main - ERROR - HTTP Error 404: Not Found
2026-09-25 20:41:13,271 - main - ERROR - HTTP Error 404: Not Found
2026-09-25 20:41:58,785 - main - ERROR - HTTP Error 401: Incorrect email or password
2026-09-25 20:41:58,837 - main - ERROR - HTTP Error 400: Email already registered
2026-09-25 20:41:59,532 - main - ERROR - HTTP Error 403: Not enough privileges
2026-09-25 21:20:19,361 - main - INFO - FoodCycle AI FastAPI started.
2026-09-25 21:20:28,985 - main - ERROR - HTTP Error 404: Not Found
2026-09-25 21:42:16,893 - main - INFO - FoodCycle AI FastAPI started.
2026-09-25 21:43:15,174 - main - INFO - FoodCycle AI FastAPI started.
2026-09-25 21:44:46,461 - main - INFO - FoodCycle AI FastAPI started.
2026-09-25 21:45:29,791 - main - INFO - FoodCycle AI FastAPI started.
2026-09-25 21:50:34,686 - main - INFO - FoodCycle AI FastAPI started.
2026-09-25 21:51:31,237 - main - INFO - FoodCycle AI FastAPI started.
2026-09-25 21:55:37,923 - main - INFO - FoodCycle AI FastAPI started.
2026-09-25 21:57:12,080 - main - INFO - FoodCycle AI FastAPI started.
2026-09-25 22:04:28,308 - main - ERROR - Validation Error: [{'type': 'model_attributes_type', 'loc': ('body',), 'msg': 'Input should be a valid dictionary or object to extract fields from', 'input': b'username=admin%40foodcycleai.com&password=Admin%40123'}]
2026-09-25 22:04:28,309 - main - ERROR - Unexpected Error: Object of type bytes is not JSON serializable
2026-09-25 22:04:30,420 - main - ERROR - HTTP Error 401: Could not validate credentials
2026-09-25 22:05:12,361 - main - ERROR - Validation Error: [{'type': 'model_attributes_type', 'loc': ('body',), 'msg': 'Input should be a valid dictionary or object to extract fields from', 'input': b'username=admin%40foodcycleai.com&password=Admin%40123'}]
2026-09-25 22:05:12,361 - main - ERROR - Unexpected Error: Object of type bytes is not JSON serializable
2026-09-25 22:05:14,420 - main - ERROR - HTTP Error 401: Could not validate credentials
2026-09-25 22:06:06,698 - main - ERROR - Validation Error: [{'type': 'model_attributes_type', 'loc': ('body',), 'msg': 'Input should be a valid dictionary or object to extract fields from', 'input': b'username=admin%40foodcycleai.com&password=Admin%40123'}]
2026-09-25 22:06:06,698 - main - ERROR - Unexpected Error: Object of type bytes is not JSON serializable
2026-09-25 22:09:59,806 - main - INFO - FoodCycle AI FastAPI started.
2026-09-25 22:10:18,078 - main - ERROR - HTTP Error 404: Not Found
2026-09-25 22:14:03,737 - main - ERROR - HTTP Error 404: Not Found
2026-09-25 22:14:10,367 - main - ERROR - HTTP Error 404: Not Found
2026-09-25 22:17:01,429 - main - INFO - FoodCycle AI FastAPI started.
2026-09-25 22:50:44,342 - main - ERROR - Validation Error: [{'type': 'model_attributes_type', 'loc': ('body',), 'msg': 'Input should be a valid dictionary or object to extract fields from', 'input': b'username=admin%40foodcycleai.com&password=Admin%40123'}]
2026-09-25 22:50:44,352 - main - ERROR - Unexpected Error: Object of type bytes is not JSON serializable
2026-09-25 22:51:00,979 - main - ERROR - Validation Error: [{'type': 'model_attributes_type', 'loc': ('body',), 'msg': 'Input should be a valid dictionary or object to extract fields from', 'input': b'username=admin%40foodcycleai.com&password=Admin%40123'}]
2026-09-25 22:51:00,980 - main - ERROR - Unexpected Error: Object of type bytes is not JSON serializable
2026-09-25 22:53:00,096 - main - ERROR - HTTP Error 401: Could not validate credentials
2026-09-25 22:53:00,154 - main - ERROR - HTTP Error 401: Could not validate credentials
2026-09-25 22:53:00,237 - main - ERROR - HTTP Error 401: Could not validate credentials
2026-09-25 22:53:00,308 - main - ERROR - HTTP Error 401: Could not validate credentials
2026-09-25 23:06:04,464 - main - INFO - FoodCycle AI FastAPI started.
2026-09-25 23:06:33,350 - main - INFO - FoodCycle AI FastAPI started.
2026-09-25 23:18:03,312 - main - INFO - FoodCycle AI FastAPI started.
2026-09-25 23:19:59,050 - main - ERROR - HTTP Error 401: Could not validate credentials
2026-09-25 23:19:59,061 - main - ERROR - HTTP Error 401: Could not validate credentials
2026-09-25 23:19:59,119 - main - ERROR - HTTP Error 401: Could not validate credentials
2026-09-25 23:19:59,123 - main - ERROR - HTTP Error 401: Could not validate credentials
